# Test de la classe BaseGeometry et la mÃ©thode integer_validator
>>> bg = __import__('7-base_geometry').BaseGeometry()

>>> bg.integer_validator("my_int", 10)

>>> bg.integer_validator("width", 89)

>>> bg.integer_validator("name", "John")
Traceback (most recent call last):
TypeError: name must be an integer

>>> bg.integer_validator("age", 0)
Traceback (most recent call last):
ValueError: age must be greater than 0

>>> bg.integer_validator("distance", -4)
Traceback (most recent call last):
ValueError: distance must be greater than 0

>>> bg.integer_validator("age", None)
Traceback (most recent call last):
        ...
TypeError: age must be an integer

>>> bg.integer_validator("age", {1, 3})
Traceback (most recent call last):
            ...
TypeError: age must be an integer

>>> bg.integer_validator("age", [8])
Traceback (most recent call last):
            ...
TypeError: age must be an integer

>>> bg.area()
Traceback (most recent call last):
            ...
Exception: area() is not implemented

>>> bg.integer_validator("name", True)
Traceback (most recent call last):
            ...
TypeError: name must be an integer

>>> BaseGeometry = __import__('7-base_geometry').BaseGeometry
>>> bg = BaseGeometry()
>>> bg.area(5, 5)
Traceback (most recent call last):
            ...
TypeError: BaseGeometry.area() takes 1 positional argument but 3 were given
